.....
